2026-07-03T22:23:16:    ▲ Next.js 15.5.20
2026-07-03T22:23:16:    - Local:        http://localhost:3000
2026-07-03T22:23:16:    - Network:      http://192.168.1.35:3000
2026-07-03T22:23:16: 
2026-07-03T22:23:16:  ✓ Starting...
2026-07-03T22:23:17:  ✓ Ready in 621ms
2026-07-03T22:25:22:    ▲ Next.js 15.5.20
2026-07-03T22:25:22:    - Local:        http://localhost:3000
2026-07-03T22:25:22:    - Network:      http://192.168.1.35:3000
2026-07-03T22:25:22: 
2026-07-03T22:25:22:  ✓ Starting...
2026-07-03T22:25:22:  ✓ Ready in 458ms
2026-07-03T22:26:19:    ▲ Next.js 15.5.20
2026-07-03T22:26:19:    - Local:        http://localhost:3000
2026-07-03T22:26:19:    - Network:      http://192.168.1.35:3000
2026-07-03T22:26:19: 
2026-07-03T22:26:19:  ✓ Starting...
2026-07-03T22:26:20:  ✓ Ready in 467ms
2026-07-03T22:28:19:    ▲ Next.js 15.5.20
2026-07-03T22:28:19:    - Local:        http://localhost:3000
2026-07-03T22:28:19:    - Network:      http://192.168.1.35:3000
2026-07-03T22:28:19: 
2026-07-03T22:28:19:  ✓ Starting...
2026-07-03T22:28:19:  ✓ Ready in 462ms
2026-07-03T22:53:59:    ▲ Next.js 15.5.20
2026-07-03T22:53:59:    - Local:        http://localhost:3000
2026-07-03T22:53:59:    - Network:      http://192.168.1.35:3000
2026-07-03T22:53:59: 
2026-07-03T22:53:59:  ✓ Starting...
2026-07-03T22:53:59:  ✓ Ready in 589ms
2026-07-03T22:57:47:    ▲ Next.js 15.5.20
2026-07-03T22:57:47:    - Local:        http://localhost:3000
2026-07-03T22:57:47:    - Network:      http://192.168.1.35:3000
2026-07-03T22:57:47: 
2026-07-03T22:57:47:  ✓ Starting...
2026-07-03T22:57:47:  ✓ Ready in 587ms
2026-07-03T23:01:54:    ▲ Next.js 15.5.20
2026-07-03T23:01:54:    - Local:        http://localhost:3000
2026-07-03T23:01:54:    - Network:      http://192.168.1.35:3000
2026-07-03T23:01:54: 
2026-07-03T23:01:54:  ✓ Starting...
2026-07-03T23:01:54:  ✓ Ready in 452ms
2026-07-03T23:02:44: [config] saved config.json
2026-07-03T23:02:49: [config] saved config.json
2026-07-03T23:02:49: [config] saved config.json
